/home/user/beardedfreedom.github.io/reports/sausage-castle-base/scripts/blender_build.py:57: DeprecationWarning: 'Material.use_nodes' is expected to be removed in Blender 6.0
  tcol = collection('Terrain'); tmat = bpy.data.materials.new('Terrain'); tmat.use_nodes = True; nt = tmat.node_tree; tex = nt.nodes.new('ShaderNodeTexImage'); tex.image = bpy.data.images.load(f"{VD}/{z['cleared']['color']}", check_existing=True)
terrain 650 x 600
/home/user/beardedfreedom.github.io/reports/sausage-castle-base/scripts/blender_build.py:41: DeprecationWarning: 'Material.use_nodes' is expected to be removed in Blender 6.0
  m = bpy.data.materials.new(name); m.use_nodes = True; b = m.node_tree.nodes['Principled BSDF']; rgb = tuple(int(color[i:i + 2], 16) / 255 for i in (1, 3, 5))
trees placed 646
cabins placed 22
/home/user/beardedfreedom.github.io/reports/sausage-castle-base/scripts/blender_build.py:112: DeprecationWarning: 'World.use_nodes' is expected to be removed in Blender 6.0
  world = bpy.data.worlds.new('Sky'); scene.world = world; world.use_nodes = True; wn = world.node_tree
Info: Saved as "florida_freedom_world_lakes.blend"
saved .blend
INFO Draco mesh compression is available, use library at /usr/local/lib/python3.11/dist-packages/bpy/5.0/scripts/addons_core/io_scene_gltf2/libextern_draco.so
11:31:40 | INFO: Starting glTF 2.0 export
11:31:40 | INFO: Extracting primitive: Terrain_cleared
11:31:42 | INFO: Primitives created: 1
11:31:42 | INFO: Extracting primitive: Lake
11:31:42 | INFO: Primitives created: 1
11:31:42 | INFO: Extracting primitive: Lake.001
11:31:42 | INFO: Primitives created: 1
11:31:42 | INFO: Extracting primitive: Cylinder
11:31:42 | INFO: Primitives created: 1
11:31:42 | INFO: Extracting primitive: Icosphere
11:31:42 | INFO: Primitives created: 1
11:31:43 | INFO: Extracting primitive: mushroom_stem
11:31:43 | INFO: Primitives created: 11
11:31:43 | INFO: Extracting primitive: haunted_foundation
11:31:43 | INFO: Primitives created: 15
11:31:43 | INFO: Extracting primitive: swamp_piers
11:31:43 | INFO: Primitives created: 17
11:31:43 | INFO: Extracting primitive: ufo_hull
11:31:43 | INFO: Primitives created: 10
11:31:43 | INFO: Finished glTF 2.0 export in 3.2632815837860107 s

exported .glb
